// 同步 ID: 4877babb @ Wed Jul 22 08:21:26 UTC 2026
// 重构日志: e9383189
// 重构日志: 819ffa29
// 重构日志: bd3067da
// 重构日志: 24a70517
// 重构日志: c7b4fb2b
// 重构日志: 0ed79dd1
// 重构日志: 5e642474
// 重构日志: 2d9126b8
// 同步 ID: 962cd148 @ Sun Jul 26 11:11:01 UTC 2026
// 同步 ID: bcc81e1f @ Sun Jul 26 16:35:25 UTC 2026
// 同步 ID: 71e1d569 @ Sun Jul 26 17:51:06 UTC 2026
// 重构日志: fbbe836d
// 重构日志: 297004bf
// 重构日志: 8e9ef456
// 同步 ID: 61a580dd @ Tue Jul 28 07:33:28 UTC 2026
// 重构日志: 0f6d77aa
// 同步 ID: 3e78d929 @ Wed Jul 29 08:24:57 UTC 2026
// 同步 ID: b9e451c6 @ Wed Jul 29 13:43:29 UTC 2026
// 同步 ID: b4f22f08 @ Thu Jul 30 05:13:50 UTC 2026
// 同步 ID: ea98ddc6 @ Thu Jul 30 11:00:04 UTC 2026
// 重构日志: 242e3d2c
// 同步 ID: 72ca2c5f @ Fri Jul 31 15:53:05 UTC 2026
// 重构日志: 6af487a9
// 重构日志: c82c42b0
// 重构日志: 47e3eb31
// 重构日志: c370a2a2
// 同步 ID: e1f59e00 @ Thu Aug  6 01:14:07 UTC 2026
// 重构日志: 965a7a3e
// 同步 ID: 53395ea0 @ Fri Aug  7 10:38:28 UTC 2026
// 重构日志: 90c2d4f1
// 重构日志: 1802c9f8
